  Determining projects to restore...
  All projects are up-to-date for restore.
  InsuranceEngine.Domain -> C:\Users\User\Documents\GitHub\InsureTech\backend\insurance_engine\src\InsuranceEngine.Domain\bin\Debug\net8.0\InsuranceEngine.Domain.dll
  InsuranceEngine.Application -> C:\Users\User\Documents\GitHub\InsureTech\backend\insurance_engine\src\InsuranceEngine.Application\bin\Debug\net8.0\InsuranceEngine.Application.dll
  InsuranceEngine.Proto -> C:\Users\User\Documents\GitHub\InsureTech\backend\insurance_engine\src\InsuranceEngine.Proto\bin\Debug\net8.0\InsuranceEngine.Proto.dll
  InsuranceEngine.Infrastructure -> C:\Users\User\Documents\GitHub\InsureTech\backend\insurance_engine\src\InsuranceEngine.Infrastructure\bin\Debug\net8.0\InsuranceEngine.Infrastructure.dll
C:\Users\User\Documents\GitHub\InsureTech\backend\insurance_engine\src\InsuranceEngine.Api\Controllers\ProductController.cs(6,7): warning CS0105: The using directive for 'InsuranceEngine.Application.DTOs' appeared previously in this namespace [C:\Users\User\Documents\GitHub\InsureTech\backend\insurance_engine\src\InsuranceEngine.Api\InsuranceEngine.Api.csproj]
C:\Users\User\Documents\GitHub\InsureTech\backend\insurance_engine\src\InsuranceEngine.Api\Controllers\ProductController.cs(63,47): error CS0246: The type or namespace name 'UpdateProductStatusCommand' could not be found (are you missing a using directive or an assembly reference?) [C:\Users\User\Documents\GitHub\InsureTech\backend\insurance_engine\src\InsuranceEngine.Api\InsuranceEngine.Api.csproj]
C:\Users\User\Documents\GitHub\InsureTech\backend\insurance_engine\src\InsuranceEngine.Api\Controllers\ProductController.cs(71,47): error CS0246: The type or namespace name 'ListProductPlansQuery' could not be found (are you missing a using directive or an assembly reference?) [C:\Users\User\Documents\GitHub\InsureTech\backend\insurance_engine\src\InsuranceEngine.Api\InsuranceEngine.Api.csproj]
C:\Users\User\Documents\GitHub\InsureTech\backend\insurance_engine\src\InsuranceEngine.Api\GrpcServices\InsuranceGrpcService.cs(72,38): error CS1061: 'Product' does not contain a definition for 'MinAge' and no accessible extension method 'MinAge' accepting a first argument of type 'Product' could be found (are you missing a using directive or an assembly reference?) [C:\Users\User\Documents\GitHub\InsureTech\backend\insurance_engine\src\InsuranceEngine.Api\InsuranceEngine.Api.csproj]
C:\Users\User\Documents\GitHub\InsureTech\backend\insurance_engine\src\InsuranceEngine.Api\GrpcServices\InsuranceGrpcService.cs(73,38): error CS1061: 'Product' does not contain a definition for 'MaxAge' and no accessible extension method 'MaxAge' accepting a first argument of type 'Product' could be found (are you missing a using directive or an assembly reference?) [C:\Users\User\Documents\GitHub\InsureTech\backend\insurance_engine\src\InsuranceEngine.Api\InsuranceEngine.Api.csproj]
C:\Users\User\Documents\GitHub\InsureTech\backend\insurance_engine\src\InsuranceEngine.Api\GrpcServices\InsuranceGrpcService.cs(100,13): error CS0117: 'Product' does not contain a definition for 'MinAge' [C:\Users\User\Documents\GitHub\InsureTech\backend\insurance_engine\src\InsuranceEngine.Api\InsuranceEngine.Api.csproj]
C:\Users\User\Documents\GitHub\InsureTech\backend\insurance_engine\src\InsuranceEngine.Api\GrpcServices\InsuranceGrpcService.cs(101,13): error CS0117: 'Product' does not contain a definition for 'MaxAge' [C:\Users\User\Documents\GitHub\InsureTech\backend\insurance_engine\src\InsuranceEngine.Api\InsuranceEngine.Api.csproj]

Build FAILED.

C:\Users\User\Documents\GitHub\InsureTech\backend\insurance_engine\src\InsuranceEngine.Api\Controllers\ProductController.cs(6,7): warning CS0105: The using directive for 'InsuranceEngine.Application.DTOs' appeared previously in this namespace [C:\Users\User\Documents\GitHub\InsureTech\backend\insurance_engine\src\InsuranceEngine.Api\InsuranceEngine.Api.csproj]
C:\Users\User\Documents\GitHub\InsureTech\backend\insurance_engine\src\InsuranceEngine.Api\Controllers\ProductController.cs(63,47): error CS0246: The type or namespace name 'UpdateProductStatusCommand' could not be found (are you missing a using directive or an assembly reference?) [C:\Users\User\Documents\GitHub\InsureTech\backend\insurance_engine\src\InsuranceEngine.Api\InsuranceEngine.Api.csproj]
C:\Users\User\Documents\GitHub\InsureTech\backend\insurance_engine\src\InsuranceEngine.Api\Controllers\ProductController.cs(71,47): error CS0246: The type or namespace name 'ListProductPlansQuery' could not be found (are you missing a using directive or an assembly reference?) [C:\Users\User\Documents\GitHub\InsureTech\backend\insurance_engine\src\InsuranceEngine.Api\InsuranceEngine.Api.csproj]
C:\Users\User\Documents\GitHub\InsureTech\backend\insurance_engine\src\InsuranceEngine.Api\GrpcServices\InsuranceGrpcService.cs(72,38): error CS1061: 'Product' does not contain a definition for 'MinAge' and no accessible extension method 'MinAge' accepting a first argument of type 'Product' could be found (are you missing a using directive or an assembly reference?) [C:\Users\User\Documents\GitHub\InsureTech\backend\insurance_engine\src\InsuranceEngine.Api\InsuranceEngine.Api.csproj]
C:\Users\User\Documents\GitHub\InsureTech\backend\insurance_engine\src\InsuranceEngine.Api\GrpcServices\InsuranceGrpcService.cs(73,38): error CS1061: 'Product' does not contain a definition for 'MaxAge' and no accessible extension method 'MaxAge' accepting a first argument of type 'Product' could be found (are you missing a using directive or an assembly reference?) [C:\Users\User\Documents\GitHub\InsureTech\backend\insurance_engine\src\InsuranceEngine.Api\InsuranceEngine.Api.csproj]
C:\Users\User\Documents\GitHub\InsureTech\backend\insurance_engine\src\InsuranceEngine.Api\GrpcServices\InsuranceGrpcService.cs(100,13): error CS0117: 'Product' does not contain a definition for 'MinAge' [C:\Users\User\Documents\GitHub\InsureTech\backend\insurance_engine\src\InsuranceEngine.Api\InsuranceEngine.Api.csproj]
C:\Users\User\Documents\GitHub\InsureTech\backend\insurance_engine\src\InsuranceEngine.Api\GrpcServices\InsuranceGrpcService.cs(101,13): error CS0117: 'Product' does not contain a definition for 'MaxAge' [C:\Users\User\Documents\GitHub\InsureTech\backend\insurance_engine\src\InsuranceEngine.Api\InsuranceEngine.Api.csproj]
    1 Warning(s)
    6 Error(s)

Time Elapsed 00:00:01.81
